2026-08-21 12:49:56 [INFO ] run start: mode=DRY-RUN level=deep user=Vaibhav Kothari admin=False
2026-08-21 12:49:56 [INFO ] drive C:: 13.8GB free / 248.1GB (5.6%)
2026-08-21 12:49:56 [INFO ] drive D:: 22.5GB free / 226.6GB (9.9%)
2026-08-21 12:51:02 [INFO ] run end: Would reclaim 32,66,15,95,271 bytes
2026-08-21 12:54:37 [INFO ] run start: mode=APPLY level=safe user=Vaibhav Kothari admin=False
2026-08-21 12:54:37 [INFO ] drive C:: 13.8GB free / 248.1GB (5.6%)
2026-08-21 12:54:37 [INFO ] drive D:: 22.5GB free / 226.6GB (9.9%)
2026-08-21 12:56:23 [INFO ] run start: mode=APPLY level=safe user=Vaibhav Kothari admin=False
2026-08-21 12:56:23 [INFO ] drive C:: 29.2GB free / 248.1GB (11.8%)
2026-08-21 12:56:23 [INFO ] drive D:: 22.5GB free / 226.6GB (9.9%)
2026-08-21 12:56:49 [INFO ] npm-cache: freed 3,60,17,93,188 bytes (cleaned)
2026-08-21 12:56:53 [INFO ] pip-cache: freed 34,86,83,285 bytes (cleaned)
2026-08-21 12:57:38 [INFO ] uv-cache: freed 89,81,87,611 bytes (cleaned)
2026-08-21 12:57:40 [INFO ] puppeteer-cache: freed 2,47,30,86,978 bytes (cleaned (2 removed))
2026-08-21 12:57:40 [INFO ] windows-temp: freed 45,00,454 bytes (cleaned (26 removed, 100 kept))
2026-08-21 12:57:57 [INFO ] recycle-bin: freed 1,07,74,48,871 bytes (emptied)
2026-08-21 12:58:00 [INFO ] run end: Reclaimed 8,40,37,00,387 bytes
2026-08-21 13:00:01 [INFO ] run start: mode=APPLY level=safe user=Vaibhav Kothari admin=False
2026-08-21 13:00:01 [INFO ] drive C:: 36.9GB free / 248.1GB (14.9%)
2026-08-21 13:00:01 [INFO ] drive D:: 26.7GB free / 226.6GB (11.8%)
2026-08-21 13:00:05 [INFO ] npm-cache: freed 2 bytes (cleaned)
2026-08-21 13:00:11 [INFO ] run end: Reclaimed 2 bytes
2026-08-21 13:02:27 [INFO ] run start: mode=DRY-RUN level=safe user=Vaibhav Kothari admin=False
2026-08-21 13:02:27 [INFO ] drive C:: 36.9GB free / 248.1GB (14.9%)
2026-08-21 13:02:27 [INFO ] drive D:: 26.7GB free / 226.6GB (11.8%)
2026-08-21 13:02:32 [INFO ] run end: Would reclaim 3,29,66,10,087 bytes
